cd
ssanapat@DESKTOP-OS24T5T MINGW64 ~
$ cd d://

ssanapat@DESKTOP-OS24T5T MINGW64 /d
$ cd hellogitworld/

ssanapat@DESKTOP-OS24T5T MINGW64 /d/hellogitworld (master)
$ git init
Reinitialized existing Git repository in D:/hellogitworld/.git/

ssanapat@DESKTOP-OS24T5T MINGW64 /d/hellogitworld (master)
$ git status
On branch master
Your branch is up to date with 'origin/master'.

nothing to commit, working tree clean

ssanapat@DESKTOP-OS24T5T MINGW64 /d/hellogitworld (master)
$ git add .

ssanapat@DESKTOP-OS24T5T MINGW64 /d/hellogitworld (master)
$ git configure --list
git: 'configure' is not a git command. See 'git --help'.

ssanapat@DESKTOP-OS24T5T MINGW64 /d/hellogitworld (master)
$ it config --list
bash: it: command not found

ssanapat@DESKTOP-OS24T5T MINGW64 /d/hellogitworld (master)
$ git config --list
diff.astextplain.textconv=astextplain
filter.lfs.clean=git-lfs clean -- %f
filter.lfs.smudge=git-lfs smudge -- %f
filter.lfs.process=git-lfs filter-process
filter.lfs.required=true
http.sslbackend=openssl
http.sslcainfo=D:/Users/ssanapat/AppData/Local/Programs/Git/mingw64/ssl/certs/ca-bundle.crt
core.autocrlf=true
core.fscache=true
core.symlinks=false
core.editor="C:\\Program Files\\Notepad++\\notepad++.exe" -multiInst -notabbar -nosession -noPlugin
pull.rebase=false
credential.helper=manager-core
credential.https://dev.azure.com.usehttppath=true
init.defaultbranch=master
user.name=srikanth
user.email=srikanthsanapathi@gmail.com
core.repositoryformatversion=0
core.filemode=false
core.bare=false
core.logallrefupdates=true
core.symlinks=false
core.ignorecase=true
remote.origin.url=https://github.com/githubtraining/hellogitworld.git
remote.origin.fetch=+refs/heads/*:refs/remotes/origin/*
branch.master.remote=origin
branch.master.merge=refs/heads/master

ssanapat@DESKTOP-OS24T5T MINGW64 /d/hellogitworld (master)
$ git status
fatal: not a git repository (or any of the parent directories): .git

ssanapat@DESKTOP-OS24T5T MINGW64 /d/hellogitworld
$ git init
Initialized empty Git repository in D:/hellogitworld/.git/

ssanapat@DESKTOP-OS24T5T MINGW64 /d/hellogitworld (master)
$ git status
On branch master

No commits yet

Untracked files:
  (use "git add <file>..." to include in what will be committed)
        ack.txt
        friend.jpg
        index.html

nothing added to commit but untracked files present (use "git add" to track)
git add .

ssanapat@DESKTOP-OS24T5T MINGW64 /d/hellogitworld (master)
$ git add .

ssanapat@DESKTOP-OS24T5T MINGW64 /d/hellogitworld (master)
$ git status
On branch master

No commits yet

Changes to be committed:
  (use "git rm --cached <file>..." to unstage)
        new file:   ack.txt
        new file:   friend.jpg
        new file:   index.html

git commit
ssanapat@DESKTOP-OS24T5T MINGW64 /d/hellogitworld (master)
$ git commit
[master (root-commit) 81be594] sample app first commit
 3 files changed, 12 insertions(+)
 create mode 100644 ack.txt
 create mode 100644 friend.jpg
 create mode 100644 index.html

ssanapat@DESKTOP-OS24T5T MINGW64 /d/hellogitworld (master)
$ git status
On branch master
nothing to commit, working tree clean

ssanapat@DESKTOP-OS24T5T MINGW64 /d/hellogitworld (master)
$ git push
fatal: No configured push destination.
Either specify the URL from the command-line or configure a remote repository using

    git remote add <name> <url>

and then push using the remote name

    git push <name>


ssanapat@DESKTOP-OS24T5T MINGW64 /d/hellogitworld (master)
$ git remote add origin https://github.com/srikanth-148/mynewproject.git

ssanapat@DESKTOP-OS24T5T MINGW64 /d/hellogitworld (master)
$ git push origin master
Enumerating objects: 5, done.
Counting objects: 100% (5/5), done.
Delta compression using up to 2 threads
Compressing objects: 100% (4/4), done.
Writing objects: 100% (5/5), 71.89 KiB | 8.99 MiB/s, done.
Total 5 (delta 0), reused 0 (delta 0), pack-reused 0
To https://github.com/srikanth-148/mynewproject.git
 * [new branch]      master -> master

ssanapat@DESKTOP-OS24T5T MINGW64 /d/hellogitworld (master)
$ ls
ack.txt  friend.jpg  index.html
vm
ssanapat@DESKTOP-OS24T5T MINGW64 /d/hellogitworld (master)
$ vi .gitignore
ls

ssanapat@DESKTOP-OS24T5T MINGW64 /d/hellogitworld (master)
$ ls
ack.txt  acknm.txt  friend.jpg  index.html


ssanapat@DESKTOP-OS24T5T MINGW64 /d/hellogitworld (master)
$
git status

ssanapat@DESKTOP-OS24T5T MINGW64 /d/hellogitworld (master)
$ git status
On branch master
Untracked files:
  (use "git add <file>..." to include in what will be committed)
        .gitignore

nothing added to commit but untracked files present (use "git add" to track)

ssanapat@DESKTOP-OS24T5T MINGW64 /d/hellogitworld (master)
$ git status
On branch master
Untracked files:
  (use "git add <file>..." to include in what will be committed)
        .gitignore
        ack1.txt

nothing added to commit but untracked files present (use "git add" to track)

ssanapat@DESKTOP-OS24T5T MINGW64 /d/hellogitworld (master)
$ git status
On branch master
Untracked files:
  (use "git add <file>..." to include in what will be committed)
        .gitignore

nothing added to commit but untracked files present (use "git add" to track)

ssanapat@DESKTOP-OS24T5T MINGW64 /d/hellogitworld (master)
$ git status
On branch master
Untracked files:
  (use "git add <file>..." to include in what will be committed)
        .gitignore

nothing added to commit but untracked files present (use "git add" to track)

ssanapat@DESKTOP-OS24T5T MINGW64 /d/hellogitworld (master)
$ git status
On branch master
Untracked files:
  (use "git add <file>..." to include in what will be committed)
        .gitignore

nothing added to commit but untracked files present (use "git add" to track)

ssanapat@DESKTOP-OS24T5T MINGW64 /d/hellogitworld (master)
$ git status
On branch master
Untracked files:
  (use "git add <file>..." to include in what will be committed)
        .gitignore
        ack1.txt

nothing added to commit but untracked files present (use "git add" to track)

ssanapat@DESKTOP-OS24T5T MINGW64 /d/hellogitworld (master)
$ git status
On branch master
Untracked files:
  (use "git add <file>..." to include in what will be committed)
        .gitignore
        new/

nothing added to commit but untracked files present (use "git add" to track)

ssanapat@DESKTOP-OS24T5T MINGW64 /d/hellogitworld (master)
$ git add/
git: 'add/' is not a git command. See 'git --help'.

The most similar command is
        add
git add .

ssanapat@DESKTOP-OS24T5T MINGW64 /d/hellogitworld (master)
$ git add .
warning: LF will be replaced by CRLF in .gitignore.
The file will have its original line endings in your working directory

ssanapat@DESKTOP-OS24T5T MINGW64 /d/hellogitworld (master)
$ git status
On branch master
Changes to be committed:
  (use "git restore --staged <file>..." to unstage)
        new file:   .gitignore
        new file:   new/ack2.txt

git vomm
ssanapat@DESKTOP-OS24T5T MINGW64 /d/hellogitworld (master)
$ git commit -m "new commmits"
[master e573cf9] new commmits
 2 files changed, 5 insertions(+)
 create mode 100644 .gitignore
 create mode 100644 new/ack2.txt

ssanapat@DESKTOP-OS24T5T MINGW64 /d/hellogitworld (master)
$ git push origin master
Enumerating objects: 6, done.
Counting objects: 100% (6/6), done.
Delta compression using up to 2 threads
Compressing objects: 100% (2/2), done.
Writing objects: 100% (5/5), 439 bytes | 146.00 KiB/s, done.
Total 5 (delta 0), reused 0 (delta 0), pack-reused 0
To https://github.com/srikanth-148/mynewproject.git
   81be594..e573cf9  master -> master

ssanapat@DESKTOP-OS24T5T MINGW64 /d/hellogitworld (master)
$ git dif
git: 'dif' is not a git command. See 'git --help'.

The most similar commands are
        diff
        config
        difftool
        init
git diff

ssanapat@DESKTOP-OS24T5T MINGW64 /d/hellogitworld (master)
$ git diff
diff --git a/ack.txt b/ack.txt
index a0c2040..3514756 100644
--- a/ack.txt
+++ b/ack.txt
@@ -1 +1 @@
-nothing here
\ No newline at end of file
+nothing here nothing here again

ssanapat@DESKTOP-OS24T5T MINGW64 /d/hellogitworld (master)
$ git status
On branch master
Changes not staged for commit:
  (use "git add <file>..." to update what will be committed)
  (use "git restore <file>..." to discard changes in working directory)
        modified:   ack.txt

no changes added to commit (use "git add" and/or "git commit -a")

ssanapat@DESKTOP-OS24T5T MINGW64 /d/hellogitworld (master)
$ git add .

ssanapat@DESKTOP-OS24T5T MINGW64 /d/hellogitworld (master)
$ git diff

ssanapat@DESKTOP-OS24T5T MINGW64 /d/hellogitworld (master)
$ git diff --staged
diff --git a/ack.txt b/ack.txt
index a0c2040..3514756 100644
--- a/ack.txt
+++ b/ack.txt
@@ -1 +1 @@
-nothing here
\ No newline at end of file
+nothing here nothing here again

ssanapat@DESKTOP-OS24T5T MINGW64 /d/hellogitworld (master)
$ git commit -m "new changes again, but it's nothing"
[master 5089747] new changes again, but it's nothing
 1 file changed, 1 insertion(+), 1 deletion(-)

ssanapat@DESKTOP-OS24T5T MINGW64 /d/hellogitworld (master)
$ git push origin master
